// Jest Snapshot v1, https://goo.gl/fbAQLP

exports[`can sort summary by num of errors 1`] = `
"[44m âœ¨  Summary of failing ESLint rules [49m
errors [31m0[39m warnings [33m1[39m rule: [90mrule1[39m
errors [31m1[39m warnings [33m0[39m rule: [90mrule3[39m
errors [31m2[39m warnings [33m0[39m rule: [90mrule2[39m
ðŸ”¥  [31m4 problems in total[39m (3 [31merrors[39m, 1 [33mwarnings[39m)"
`;

exports[`can sort summary by num of errors 2`] = `
"[44m âœ¨  Summary of failing ESLint rules [49m
errors [31m2[39m warnings [33m0[39m rule: [90mrule2[39m
errors [31m1[39m warnings [33m0[39m rule: [90mrule3[39m
errors [31m0[39m warnings [33m1[39m rule: [90mrule1[39m
ðŸ”¥  [31m4 problems in total[39m (3 [31merrors[39m, 1 [33mwarnings[39m)"
`;

exports[`can sort summary by num of warnings 1`] = `
"[44m âœ¨  Summary of failing ESLint rules [49m
errors [31m1[39m warnings [33m0[39m rule: [90mrule3[39m
errors [31m0[39m warnings [33m1[39m rule: [90mrule1[39m
errors [31m0[39m warnings [33m2[39m rule: [90mrule2[39m
ðŸ”¥  [31m4 problems in total[39m (1 [31merrors[39m, 3 [33mwarnings[39m)"
`;

exports[`can sort summary by num of warnings 2`] = `
"[44m âœ¨  Summary of failing ESLint rules [49m
errors [31m0[39m warnings [33m2[39m rule: [90mrule2[39m
errors [31m0[39m warnings [33m1[39m rule: [90mrule1[39m
errors [31m1[39m warnings [33m0[39m rule: [90mrule3[39m
ðŸ”¥  [31m4 problems in total[39m (1 [31merrors[39m, 3 [33mwarnings[39m)"
`;

exports[`can sort summary by rule id 1`] = `
"[44m âœ¨  Summary of failing ESLint rules [49m
errors [31m0[39m warnings [33m1[39m rule: [90mrule1[39m
errors [31m0[39m warnings [33m2[39m rule: [90mrule2[39m
errors [31m1[39m warnings [33m0[39m rule: [90mrule3[39m
ðŸ”¥  [31m4 problems in total[39m (1 [31merrors[39m, 3 [33mwarnings[39m)"
`;

exports[`can sort summary by rule id 2`] = `
"[44m âœ¨  Summary of failing ESLint rules [49m
errors [31m1[39m warnings [33m0[39m rule: [90mrule3[39m
errors [31m0[39m warnings [33m2[39m rule: [90mrule2[39m
errors [31m0[39m warnings [33m1[39m rule: [90mrule1[39m
ðŸ”¥  [31m4 problems in total[39m (1 [31merrors[39m, 3 [33mwarnings[39m)"
`;

exports[`provides header, summary of rules and total 1`] = `
"[44m âœ¨  Summary of failing ESLint rules [49m
errors [31m0[39m warnings [33m1[39m rule: [90mrule1[39m
errors [31m0[39m warnings [33m2[39m rule: [90mrule2[39m
errors [31m2[39m warnings [33m0[39m rule: [90mrule3[39m
errors [31m1[39m warnings [33m0[39m rule: [90mrule4[39m
errors [31m1[39m warnings [33m0[39m rule: [90mrule5[39m
ðŸ”¥  [31m7 problems in total[39m (4 [31merrors[39m, 3 [33mwarnings[39m)"
`;
